// Jest Snapshot v1, https://goo.gl/fbAQLP

exports[`<Home /> tests snapshot: renders default state 1`] = `
ShallowWrapper {
  "length": 1,
  Symbol(enzyme.__root__): [Circular],
  Symbol(enzyme.__unrendered__): <Home
    fetchSessions={[Function]}
    fetchWeather={[Function]}
    sessions={
        Object {
            "error": null,
            "isFetching": false,
            "sessions": Array [
              Object {
                "coordinates": Object {
                  "lat": 48.8558986,
                  "lng": 2.2980875,
                },
                "name": "first",
              },
              Object {
                "coordinates": Object {
                  "lat": 50.8558986,
                  "lng": 2.2980875,
                },
                "name": "second",
              },
            ],
          }
    }
    weather={Array []}
/>,
  Symbol(enzyme.__renderer__): Object {
    "batchedUpdates": [Function],
    "getNode": [Function],
    "render": [Function],
    "simulateEvent": [Function],
    "unmount": [Function],
  },
  Symbol(enzyme.__node__): Object {
    "instance": null,
    "key": undefined,
    "nodeType": "host",
    "props": Object {
      "children": <withScriptjs(withGoogleMap(Map))
        containerElement={
                <div
                        className=""
                />
        }
        googleMapURL="https://maps.googleapis.com/maps/api/js?key=AIzaSyDte3SPQoQY9L2tkAPFAJcld-TFdlGleWs&v=3.exp&libraries=geometry,drawing,places"
        loadingElement={
                <div
                        style={
                                Object {
                                        "height": "100%",
                                      }
                        }
                />
        }
        mapElement={
                <div
                        className=""
                />
        }
        sessions={
                Array [
                        Object {
                          "coordinates": Object {
                            "lat": 48.8558986,
                            "lng": 2.2980875,
                          },
                          "name": "first",
                        },
                        Object {
                          "coordinates": Object {
                            "lat": 50.8558986,
                            "lng": 2.2980875,
                          },
                          "name": "second",
                        },
                      ]
        }
        weather={undefined}
/>,
    },
    "ref": null,
    "rendered": Object {
      "instance": null,
      "key": undefined,
      "nodeType": "class",
      "props": Object {
        "containerElement": <div
          className=""
/>,
        "googleMapURL": "https://maps.googleapis.com/maps/api/js?key=AIzaSyDte3SPQoQY9L2tkAPFAJcld-TFdlGleWs&v=3.exp&libraries=geometry,drawing,places",
        "loadingElement": <div
          style={
                    Object {
                              "height": "100%",
                            }
          }
/>,
        "mapElement": <div
          className=""
/>,
        "sessions": Array [
          Object {
            "coordinates": Object {
              "lat": 48.8558986,
              "lng": 2.2980875,
            },
            "name": "first",
          },
          Object {
            "coordinates": Object {
              "lat": 50.8558986,
              "lng": 2.2980875,
            },
            "name": "second",
          },
        ],
        "weather": undefined,
      },
      "ref": null,
      "rendered": null,
      "type": [Function],
    },
    "type": "div",
  },
  Symbol(enzyme.__nodes__): Array [
    Object {
      "instance": null,
      "key": undefined,
      "nodeType": "host",
      "props": Object {
        "children": <withScriptjs(withGoogleMap(Map))
          containerElement={
                    <div
                              className=""
                    />
          }
          googleMapURL="https://maps.googleapis.com/maps/api/js?key=AIzaSyDte3SPQoQY9L2tkAPFAJcld-TFdlGleWs&v=3.exp&libraries=geometry,drawing,places"
          loadingElement={
                    <div
                              style={
                                        Object {
                                                  "height": "100%",
                                                }
                              }
                    />
          }
          mapElement={
                    <div
                              className=""
                    />
          }
          sessions={
                    Array [
                              Object {
                                "coordinates": Object {
                                  "lat": 48.8558986,
                                  "lng": 2.2980875,
                                },
                                "name": "first",
                              },
                              Object {
                                "coordinates": Object {
                                  "lat": 50.8558986,
                                  "lng": 2.2980875,
                                },
                                "name": "second",
                              },
                            ]
          }
          weather={undefined}
/>,
      },
      "ref": null,
      "rendered": Object {
        "instance": null,
        "key": undefined,
        "nodeType": "class",
        "props": Object {
          "containerElement": <div
            className=""
/>,
          "googleMapURL": "https://maps.googleapis.com/maps/api/js?key=AIzaSyDte3SPQoQY9L2tkAPFAJcld-TFdlGleWs&v=3.exp&libraries=geometry,drawing,places",
          "loadingElement": <div
            style={
                        Object {
                                    "height": "100%",
                                  }
            }
/>,
          "mapElement": <div
            className=""
/>,
          "sessions": Array [
            Object {
              "coordinates": Object {
                "lat": 48.8558986,
                "lng": 2.2980875,
              },
              "name": "first",
            },
            Object {
              "coordinates": Object {
                "lat": 50.8558986,
                "lng": 2.2980875,
              },
              "name": "second",
            },
          ],
          "weather": undefined,
        },
        "ref": null,
        "rendered": null,
        "type": [Function],
      },
      "type": "div",
    },
  ],
  Symbol(enzyme.__options__): Object {
    "adapter": ReactSixteenAdapter {
      "options": Object {
        "enableComponentDidUpdateOnSetState": true,
      },
    },
  },
}
`;
